// Jest Snapshot v1, https://goo.gl/fbAQLP

exports[`when parse reuters valid document should return feed items 1`] = `
Object {
  "authors": Array [],
  "categories": Array [],
  "copyright": "All rights reserved. Users may download and print extracts of content from this website for their own personal and non-commercial use only. Republication or redistribution of Reuters content, including by framing or similar means, is expressly prohibited without the prior written consent of Reuters. Reuters and the Reuters sphere logo are registered trademarks or trademarks of the Reuters group of companies around the world. Â© Reuters 2018",
  "description": "Reuters.com is your source for breaking news, business, financial and investing news, including personal finance and stocks.  Reuters is the leading global provider of news, financial information and technology solutions to the world's media, financial institutions, businesses and individuals.",
  "image": Object {
    "description": undefined,
    "height": "35",
    "title": "Reuters News",
    "url": "http://www.reuters.com/resources_v2/images/reuters125.png",
    "width": "120",
  },
  "items": Array [
    Object {
      "authors": Array [],
      "categories": Array [
        Object {
          "name": "worldNews",
        },
      ],
      "content": undefined,
      "description": "WASHINGTON (Reuters) - North Korea's nuclear program has made strides in recent months but the country has not yet demonstrated all the components of an intercontinental ballistic missile (ICBM), including a survivable re-entry vehicle, the vice chairman of the U.S. Joint Chiefs of Staff said on Tuesday.<div class=\\"feedflare\\">
<a href=\\"http://feeds.reuters.com/~ff/Reuters/worldNews?a=c3wXZD4kLB8:gekfQ34kdOg:yIl2AUoC8zA\\"><img src=\\"http://feeds.feedburner.com/~ff/Reuters/worldNews?d=yIl2AUoC8zA\\" border=\\"0\\"></img></a> <a href=\\"http://feeds.reuters.com/~ff/Reuters/worldNews?a=c3wXZD4kLB8:gekfQ34kdOg:F7zBnMyn0Lo\\"><img src=\\"http://feeds.feedburner.com/~ff/Reuters/worldNews?i=c3wXZD4kLB8:gekfQ34kdOg:F7zBnMyn0Lo\\" border=\\"0\\"></img></a> <a href=\\"http://feeds.reuters.com/~ff/Reuters/worldNews?a=c3wXZD4kLB8:gekfQ34kdOg:V_sGLiPBpWU\\"><img src=\\"http://feeds.feedburner.com/~ff/Reuters/worldNews?i=c3wXZD4kLB8:gekfQ34kdOg:V_sGLiPBpWU\\" border=\\"0\\"></img></a>
</div><img src=\\"http://feeds.feedburner.com/~r/Reuters/worldNews/~4/c3wXZD4kLB8\\" height=\\"1\\" width=\\"1\\" alt=\\"\\"/>",
      "enclosures": Array [],
      "id": "http://www.reuters.com/article/us-northkorea-missiles-usa/u-s-general-says-north-korea-not-demonstrated-all-components-of-icbm-idUSKBN1FJ23Z?feedType=RSS&feedName=worldNews",
      "itunes": Object {
        "authors": Array [],
        "block": undefined,
        "duration": undefined,
        "explicit": undefined,
        "image": undefined,
        "isClosedCaptioned": undefined,
        "order": undefined,
        "subtitle": undefined,
        "summary": undefined,
      },
      "links": Array [
        Object {
          "rel": "",
          "url": "http://feeds.reuters.com/~r/Reuters/worldNews/~3/c3wXZD4kLB8/u-s-general-says-north-korea-not-demonstrated-all-components-of-icbm-idUSKBN1FJ23Z",
        },
      ],
      "published": "Tue, 30 Jan 2018 12:29:57 -0500",
      "source": undefined,
      "title": "U.S. general says North Korea not demonstrated all components of ICBM",
    },
    Object {
      "authors": Array [],
      "categories": Array [
        Object {
          "name": "worldNews",
        },
      ],
      "content": undefined,
      "description": "MOSCOW (Reuters) - A group of foreign investors expressed concern on Tuesday at the U.S. Treasury's publication of a list of Russian businessmen allegedly close to the Kremlin, saying it could affect the interests of European investors and increase uncertainty in Russia's business environment.<div class=\\"feedflare\\">
<a href=\\"http://feeds.reuters.com/~ff/Reuters/worldNews?a=Ue_cpYPRGRs:0VIqlmdy60U:yIl2AUoC8zA\\"><img src=\\"http://feeds.feedburner.com/~ff/Reuters/worldNews?d=yIl2AUoC8zA\\" border=\\"0\\"></img></a> <a href=\\"http://feeds.reuters.com/~ff/Reuters/worldNews?a=Ue_cpYPRGRs:0VIqlmdy60U:F7zBnMyn0Lo\\"><img src=\\"http://feeds.feedburner.com/~ff/Reuters/worldNews?i=Ue_cpYPRGRs:0VIqlmdy60U:F7zBnMyn0Lo\\" border=\\"0\\"></img></a> <a href=\\"http://feeds.reuters.com/~ff/Reuters/worldNews?a=Ue_cpYPRGRs:0VIqlmdy60U:V_sGLiPBpWU\\"><img src=\\"http://feeds.feedburner.com/~ff/Reuters/worldNews?i=Ue_cpYPRGRs:0VIqlmdy60U:V_sGLiPBpWU\\" border=\\"0\\"></img></a>
</div><img src=\\"http://feeds.feedburner.com/~r/Reuters/worldNews/~4/Ue_cpYPRGRs\\" height=\\"1\\" width=\\"1\\" alt=\\"\\"/>",
      "enclosures": Array [],
      "id": "http://www.reuters.com/article/us-usa-russia-sanctions/publication-of-russia-oligarch-list-may-affect-investors-group-idUSKBN1FJ299?feedType=RSS&feedName=worldNews",
      "itunes": Object {
        "authors": Array [],
        "block": undefined,
        "duration": undefined,
        "explicit": undefined,
        "image": undefined,
        "isClosedCaptioned": undefined,
        "order": undefined,
        "subtitle": undefined,
        "summary": undefined,
      },
      "links": Array [
        Object {
          "rel": "",
          "url": "http://feeds.reuters.com/~r/Reuters/worldNews/~3/Ue_cpYPRGRs/publication-of-russia-oligarch-list-may-affect-investors-group-idUSKBN1FJ299",
        },
      ],
      "published": "Tue, 30 Jan 2018 16:13:20 -0500",
      "source": undefined,
      "title": "Publication of Russia 'oligarch list' may affect investors: group",
    },
    Object {
      "authors": Array [],
      "categories": Array [
        Object {
          "name": "worldNews",
        },
      ],
      "content": undefined,
      "description": "WASHINGTON (Reuters) - U.S. Democratic lawmakers criticized President Donald Trump on Tuesday for not immediately imposing sanctions on Russia, accusing him of being soft on his Russian counterpart, Vladimir Putin.<div class=\\"feedflare\\">
<a href=\\"http://feeds.reuters.com/~ff/Reuters/worldNews?a=paHibodjB4Y:O1d3W2TNMWI:yIl2AUoC8zA\\"><img src=\\"http://feeds.feedburner.com/~ff/Reuters/worldNews?d=yIl2AUoC8zA\\" border=\\"0\\"></img></a> <a href=\\"http://feeds.reuters.com/~ff/Reuters/worldNews?a=paHibodjB4Y:O1d3W2TNMWI:F7zBnMyn0Lo\\"><img src=\\"http://feeds.feedburner.com/~ff/Reuters/worldNews?i=paHibodjB4Y:O1d3W2TNMWI:F7zBnMyn0Lo\\" border=\\"0\\"></img></a> <a href=\\"http://feeds.reuters.com/~ff/Reuters/worldNews?a=paHibodjB4Y:O1d3W2TNMWI:V_sGLiPBpWU\\"><img src=\\"http://feeds.feedburner.com/~ff/Reuters/worldNews?i=paHibodjB4Y:O1d3W2TNMWI:V_sGLiPBpWU\\" border=\\"0\\"></img></a>
</div><img src=\\"http://feeds.feedburner.com/~r/Reuters/worldNews/~4/paHibodjB4Y\\" height=\\"1\\" width=\\"1\\" alt=\\"\\"/>",
      "enclosures": Array [],
      "id": "http://www.reuters.com/article/us-usa-russia-sanctions-trump/democrats-blast-trump-decision-to-hold-off-on-russia-sanctions-idUSKBN1FJ2N5?feedType=RSS&feedName=worldNews",
      "itunes": Object {
        "authors": Array [],
        "block": undefined,
        "duration": undefined,
        "explicit": undefined,
        "image": undefined,
        "isClosedCaptioned": undefined,
        "order": undefined,
        "subtitle": undefined,
        "summary": undefined,
      },
      "links": Array [
        Object {
          "rel": "",
          "url": "http://feeds.reuters.com/~r/Reuters/worldNews/~3/paHibodjB4Y/democrats-blast-trump-decision-to-hold-off-on-russia-sanctions-idUSKBN1FJ2N5",
        },
      ],
      "published": "Tue, 30 Jan 2018 17:49:58 -0500",
      "source": undefined,
      "title": "Democrats blast Trump decision to hold off on Russia sanctions",
    },
    Object {
      "authors": Array [],
      "categories": Array [
        Object {
          "name": "worldNews",
        },
      ],
      "content": undefined,
      "description": "AMMAN (Reuters) - At least 15 people were killed on Tuesday when suspected Russian warplanes struck a crowded market in the rebel-held city of Ariha in the second such strike on a shopping area in opposition-held Idlib within 24 hours, residents and rescuers said.<div class=\\"feedflare\\">
<a href=\\"http://feeds.reuters.com/~ff/Reuters/worldNews?a=hWTIdXQKaN4:FEwvBJSHvEc:yIl2AUoC8zA\\"><img src=\\"http://feeds.feedburner.com/~ff/Reuters/worldNews?d=yIl2AUoC8zA\\" border=\\"0\\"></img></a> <a href=\\"http://feeds.reuters.com/~ff/Reuters/worldNews?a=hWTIdXQKaN4:FEwvBJSHvEc:F7zBnMyn0Lo\\"><img src=\\"http://feeds.feedburner.com/~ff/Reuters/worldNews?i=hWTIdXQKaN4:FEwvBJSHvEc:F7zBnMyn0Lo\\" border=\\"0\\"></img></a> <a href=\\"http://feeds.reuters.com/~ff/Reuters/worldNews?a=hWTIdXQKaN4:FEwvBJSHvEc:V_sGLiPBpWU\\"><img src=\\"http://feeds.feedburner.com/~ff/Reuters/worldNews?i=hWTIdXQKaN4:FEwvBJSHvEc:V_sGLiPBpWU\\" border=\\"0\\"></img></a>
</div><img src=\\"http://feeds.feedburner.com/~r/Reuters/worldNews/~4/hWTIdXQKaN4\\" height=\\"1\\" width=\\"1\\" alt=\\"\\"/>",
      "enclosures": Array [],
      "id": "http://www.reuters.com/article/us-mideast-syria-idlib-strikes/suspected-russian-warplanes-hit-busy-market-in-idlib-kill-15-rescuers-residents-idUSKBN1FJ2UK?feedType=RSS&feedName=worldNews",
      "itunes": Object {
        "authors": Array [],
        "block": undefined,
        "duration": undefined,
        "explicit": undefined,
        "image": undefined,
        "isClosedCaptioned": undefined,
        "order": undefined,
        "subtitle": undefined,
        "summary": undefined,
      },
      "links": Array [
        Object {
          "rel": "",
          "url": "http://feeds.reuters.com/~r/Reuters/worldNews/~3/hWTIdXQKaN4/suspected-russian-warplanes-hit-busy-market-in-idlib-kill-15-rescuers-residents-idUSKBN1FJ2UK",
        },
      ],
      "published": "Tue, 30 Jan 2018 15:32:07 -0500",
      "source": undefined,
      "title": "Suspected Russian warplanes hit busy market in Idlib, kill 15: rescuers, residents",
    },
    Object {
      "authors": Array [],
      "categories": Array [
        Object {
          "name": "worldNews",
        },
      ],
      "content": undefined,
      "description": "RIYADH (Reuters) - Saudi Arabia's government has arranged to seize more than $100 billion through financial settlements with businessmen and officials detained in its crackdown on corruption, the attorney general said on Tuesday.<div class=\\"feedflare\\">
<a href=\\"http://feeds.reuters.com/~ff/Reuters/worldNews?a=AJfwWs5MK7g:VMYaRzddLwc:yIl2AUoC8zA\\"><img src=\\"http://feeds.feedburner.com/~ff/Reuters/worldNews?d=yIl2AUoC8zA\\" border=\\"0\\"></img></a> <a href=\\"http://feeds.reuters.com/~ff/Reuters/worldNews?a=AJfwWs5MK7g:VMYaRzddLwc:F7zBnMyn0Lo\\"><img src=\\"http://feeds.feedburner.com/~ff/Reuters/worldNews?i=AJfwWs5MK7g:VMYaRzddLwc:F7zBnMyn0Lo\\" border=\\"0\\"></img></a> <a href=\\"http://feeds.reuters.com/~ff/Reuters/worldNews?a=AJfwWs5MK7g:VMYaRzddLwc:V_sGLiPBpWU\\"><img src=\\"http://feeds.feedburner.com/~ff/Reuters/worldNews?i=AJfwWs5MK7g:VMYaRzddLwc:V_sGLiPBpWU\\" border=\\"0\\"></img></a>
</div><img src=\\"http://feeds.feedburner.com/~r/Reuters/worldNews/~4/AJfwWs5MK7g\\" height=\\"1\\" width=\\"1\\" alt=\\"\\"/>",
      "enclosures": Array [],
      "id": "http://www.reuters.com/article/us-saudi-arrests-corruption/saudi-arabia-says-it-has-seized-over-100-billion-in-corruption-purge-idUSKBN1FJ28E?feedType=RSS&feedName=worldNews",
      "itunes": Object {
        "authors": Array [],
        "block": undefined,
        "duration": undefined,
        "explicit": undefined,
        "image": undefined,
        "isClosedCaptioned": undefined,
        "order": undefined,
        "subtitle": undefined,
        "summary": undefined,
      },
      "links": Array [
        Object {
          "rel": "",
          "url": "http://feeds.reuters.com/~r/Reuters/worldNews/~3/AJfwWs5MK7g/saudi-arabia-says-it-has-seized-over-100-billion-in-corruption-purge-idUSKBN1FJ28E",
        },
      ],
      "published": "Tue, 30 Jan 2018 12:49:08 -0500",
      "source": undefined,
      "title": "Saudi Arabia says it has seized over $100 billion in corruption purge",
    },
    Object {
      "authors": Array [],
      "categories": Array [
        Object {
          "name": "worldNews",
        },
      ],
      "content": undefined,
      "description": "SOCHI, Russia (Reuters) - A Syrian peace conference in Russia ended on Tuesday with a statement calling for democratic elections, but ignoring key opposition demands after a day marred by squabbles and heckling of the Russian foreign minister.<div class=\\"feedflare\\">
<a href=\\"http://feeds.reuters.com/~ff/Reuters/worldNews?a=zob6pG35NE8:I2wKNHV3VnI:yIl2AUoC8zA\\"><img src=\\"http://feeds.feedburner.com/~ff/Reuters/worldNews?d=yIl2AUoC8zA\\" border=\\"0\\"></img></a> <a href=\\"http://feeds.reuters.com/~ff/Reuters/worldNews?a=zob6pG35NE8:I2wKNHV3VnI:F7zBnMyn0Lo\\"><img src=\\"http://feeds.feedburner.com/~ff/Reuters/worldNews?i=zob6pG35NE8:I2wKNHV3VnI:F7zBnMyn0Lo\\" border=\\"0\\"></img></a> <a href=\\"http://feeds.reuters.com/~ff/Reuters/worldNews?a=zob6pG35NE8:I2wKNHV3VnI:V_sGLiPBpWU\\"><img src=\\"http://feeds.feedburner.com/~ff/Reuters/worldNews?i=zob6pG35NE8:I2wKNHV3VnI:V_sGLiPBpWU\\" border=\\"0\\"></img></a>
</div><img src=\\"http://feeds.feedburner.com/~r/Reuters/worldNews/~4/zob6pG35NE8\\" height=\\"1\\" width=\\"1\\" alt=\\"\\"/>",
      "enclosures": Array [],
      "id": "http://www.reuters.com/article/us-mideast-crisis-syria-congress/rocky-syria-talks-in-russia-end-ignore-key-opposition-demands-idUSKBN1FJ0WJ?feedType=RSS&feedName=worldNews",
      "itunes": Object {
        "authors": Array [],
        "block": undefined,
        "duration": undefined,
        "explicit": undefined,
        "image": undefined,
        "isClosedCaptioned": undefined,
        "order": undefined,
        "subtitle": undefined,
        "summary": undefined,
      },
      "links": Array [
        Object {
          "rel": "",
          "url": "http://feeds.reuters.com/~r/Reuters/worldNews/~3/zob6pG35NE8/rocky-syria-talks-in-russia-end-ignore-key-opposition-demands-idUSKBN1FJ0WJ",
        },
      ],
      "published": "Tue, 30 Jan 2018 16:46:13 -0500",
      "source": undefined,
      "title": "Rocky Syria talks in Russia end, ignore key opposition demands",
    },
    Object {
      "authors": Array [],
      "categories": Array [
        Object {
          "name": "worldNews",
        },
      ],
      "content": undefined,
      "description": "WASHINGTON (Reuters) - Victor Cha, a former White House official who had been the Trump's administration's choice to be the next U.S. ambassador to South Korea, is no longer being considered for the post, two U.S. officials said on Tuesday.<div class=\\"feedflare\\">
<a href=\\"http://feeds.reuters.com/~ff/Reuters/worldNews?a=6tE3H86JTkM:u24OOPFWxXc:yIl2AUoC8zA\\"><img src=\\"http://feeds.feedburner.com/~ff/Reuters/worldNews?d=yIl2AUoC8zA\\" border=\\"0\\"></img></a> <a href=\\"http://feeds.reuters.com/~ff/Reuters/worldNews?a=6tE3H86JTkM:u24OOPFWxXc:F7zBnMyn0Lo\\"><img src=\\"http://feeds.feedburner.com/~ff/Reuters/worldNews?i=6tE3H86JTkM:u24OOPFWxXc:F7zBnMyn0Lo\\" border=\\"0\\"></img></a> <a href=\\"http://feeds.reuters.com/~ff/Reuters/worldNews?a=6tE3H86JTkM:u24OOPFWxXc:V_sGLiPBpWU\\"><img src=\\"http://feeds.feedburner.com/~ff/Reuters/worldNews?i=6tE3H86JTkM:u24OOPFWxXc:V_sGLiPBpWU\\" border=\\"0\\"></img></a>
</div><img src=\\"http://feeds.feedburner.com/~r/Reuters/worldNews/~4/6tE3H86JTkM\\" height=\\"1\\" width=\\"1\\" alt=\\"\\"/>",
      "enclosures": Array [],
      "id": "http://www.reuters.com/article/us-usa-southkorea-diplomacy/trump-administration-drops-cha-as-pick-for-seoul-envoy-u-s-officials-idUSKBN1FJ2XI?feedType=RSS&feedName=worldNews",
      "itunes": Object {
        "authors": Array [],
        "block": undefined,
        "duration": undefined,
        "explicit": undefined,
        "image": undefined,
        "isClosedCaptioned": undefined,
        "order": undefined,
        "subtitle": undefined,
        "summary": undefined,
      },
      "links": Array [
        Object {
          "rel": "",
          "url": "http://feeds.reuters.com/~r/Reuters/worldNews/~3/6tE3H86JTkM/trump-administration-drops-cha-as-pick-for-seoul-envoy-u-s-officials-idUSKBN1FJ2XI",
        },
      ],
      "published": "Tue, 30 Jan 2018 17:33:18 -0500",
      "source": undefined,
      "title": "Trump administration drops Cha as pick for Seoul envoy: U.S. officials",
    },
    Object {
      "authors": Array [],
      "categories": Array [
        Object {
          "name": "worldNews",
        },
      ],
      "content": undefined,
      "description": "WASHINGTON (Reuters) - The head of Russia's foreign intelligence service, who is under U.S. sanctions, met last week outside Washington with American intelligence officials, two U.S. sources familiar with the matter said, even as relations between the U.S. and Russia have been at their iciest since the Cold War over a slew of issues.<div class=\\"feedflare\\">
<a href=\\"http://feeds.reuters.com/~ff/Reuters/worldNews?a=0VbTm2gvRAM:ybGKHVDYZto:yIl2AUoC8zA\\"><img src=\\"http://feeds.feedburner.com/~ff/Reuters/worldNews?d=yIl2AUoC8zA\\" border=\\"0\\"></img></a> <a href=\\"http://feeds.reuters.com/~ff/Reuters/worldNews?a=0VbTm2gvRAM:ybGKHVDYZto:F7zBnMyn0Lo\\"><img src=\\"http://feeds.feedburner.com/~ff/Reuters/worldNews?i=0VbTm2gvRAM:ybGKHVDYZto:F7zBnMyn0Lo\\" border=\\"0\\"></img></a> <a href=\\"http://feeds.reuters.com/~ff/Reuters/worldNews?a=0VbTm2gvRAM:ybGKHVDYZto:V_sGLiPBpWU\\"><img src=\\"http://feeds.feedburner.com/~ff/Reuters/worldNews?i=0VbTm2gvRAM:ybGKHVDYZto:V_sGLiPBpWU\\" border=\\"0\\"></img></a>
</div><img src=\\"http://feeds.feedburner.com/~r/Reuters/worldNews/~4/0VbTm2gvRAM\\" height=\\"1\\" width=\\"1\\" alt=\\"\\"/>",
      "enclosures": Array [],
      "id": "http://www.reuters.com/article/us-russia-usa-intelligence/russian-spy-chief-met-u-s-officials-in-u-s-last-week-sources-idUSKBN1FJ2PF?feedType=RSS&feedName=worldNews",
      "itunes": Object {
        "authors": Array [],
        "block": undefined,
        "duration": undefined,
        "explicit": undefined,
        "image": undefined,
        "isClosedCaptioned": undefined,
        "order": undefined,
        "subtitle": undefined,
        "summary": undefined,
      },
      "links": Array [
        Object {
          "rel": "",
          "url": "http://feeds.reuters.com/~r/Reuters/worldNews/~3/0VbTm2gvRAM/russian-spy-chief-met-u-s-officials-in-u-s-last-week-sources-idUSKBN1FJ2PF",
        },
      ],
      "published": "Tue, 30 Jan 2018 16:10:41 -0500",
      "source": undefined,
      "title": "Russian spy chief met U.S. officials in U.S. last week: sources",
    },
    Object {
      "authors": Array [],
      "categories": Array [
        Object {
          "name": "worldNews",
        },
      ],
      "content": undefined,
      "description": "VATICAN CITY (Reuters) - The Vatican on Tuesday rebuked a senior cardinal who said its diplomats were \\"selling out\\" Chinese Catholics loyal to the pope as part of a deal aimed at normalizing ties with Beijing's communist government.<div class=\\"feedflare\\">
<a href=\\"http://feeds.reuters.com/~ff/Reuters/worldNews?a=uRK8TyJQ-8o:2S9A_m_4wLY:yIl2AUoC8zA\\"><img src=\\"http://feeds.feedburner.com/~ff/Reuters/worldNews?d=yIl2AUoC8zA\\" border=\\"0\\"></img></a> <a href=\\"http://feeds.reuters.com/~ff/Reuters/worldNews?a=uRK8TyJQ-8o:2S9A_m_4wLY:F7zBnMyn0Lo\\"><img src=\\"http://feeds.feedburner.com/~ff/Reuters/worldNews?i=uRK8TyJQ-8o:2S9A_m_4wLY:F7zBnMyn0Lo\\" border=\\"0\\"></img></a> <a href=\\"http://feeds.reuters.com/~ff/Reuters/worldNews?a=uRK8TyJQ-8o:2S9A_m_4wLY:V_sGLiPBpWU\\"><img src=\\"http://feeds.feedburner.com/~ff/Reuters/worldNews?i=uRK8TyJQ-8o:2S9A_m_4wLY:V_sGLiPBpWU\\" border=\\"0\\"></img></a>
</div><img src=\\"http://feeds.feedburner.com/~r/Reuters/worldNews/~4/uRK8TyJQ-8o\\" height=\\"1\\" width=\\"1\\" alt=\\"\\"/>",
      "enclosures": Array [],
      "id": "http://www.reuters.com/article/us-pope-china/vatican-rebukes-cardinal-over-selling-out-to-china-accusations-idUSKBN1FJ2J8?feedType=RSS&feedName=worldNews",
      "itunes": Object {
        "authors": Array [],
        "block": undefined,
        "duration": undefined,
        "explicit": undefined,
        "image": undefined,
        "isClosedCaptioned": undefined,
        "order": undefined,
        "subtitle": undefined,
        "summary": undefined,
      },
      "links": Array [
        Object {
          "rel": "",
          "url": "http://feeds.reuters.com/~r/Reuters/worldNews/~3/uRK8TyJQ-8o/vatican-rebukes-cardinal-over-selling-out-to-china-accusations-idUSKBN1FJ2J8",
        },
      ],
      "published": "Tue, 30 Jan 2018 13:02:25 -0500",
      "source": undefined,
      "title": "Vatican rebukes cardinal over 'selling out' to China accusations",
    },
    Object {
      "authors": Array [],
      "categories": Array [
        Object {
          "name": "worldNews",
        },
      ],
      "content": undefined,
      "description": "ANKARA (Reuters) - One person was killed and two more were wounded in a roadside bomb attack on a Turkish military convoy in Syria's Idlib on Tuesday, the Turkish army said.<div class=\\"feedflare\\">
<a href=\\"http://feeds.reuters.com/~ff/Reuters/worldNews?a=gi3rSBUNm9k:y4mdgQpMwzQ:yIl2AUoC8zA\\"><img src=\\"http://feeds.feedburner.com/~ff/Reuters/worldNews?d=yIl2AUoC8zA\\" border=\\"0\\"></img></a> <a href=\\"http://feeds.reuters.com/~ff/Reuters/worldNews?a=gi3rSBUNm9k:y4mdgQpMwzQ:F7zBnMyn0Lo\\"><img src=\\"http://feeds.feedburner.com/~ff/Reuters/worldNews?i=gi3rSBUNm9k:y4mdgQpMwzQ:F7zBnMyn0Lo\\" border=\\"0\\"></img></a> <a href=\\"http://feeds.reuters.com/~ff/Reuters/worldNews?a=gi3rSBUNm9k:y4mdgQpMwzQ:V_sGLiPBpWU\\"><img src=\\"http://feeds.feedburner.com/~ff/Reuters/worldNews?i=gi3rSBUNm9k:y4mdgQpMwzQ:V_sGLiPBpWU\\" border=\\"0\\"></img></a>
</div><img src=\\"http://feeds.feedburner.com/~r/Reuters/worldNews/~4/gi3rSBUNm9k\\" height=\\"1\\" width=\\"1\\" alt=\\"\\"/>",
      "enclosures": Array [],
      "id": "http://www.reuters.com/article/us-mideast-crisis-syria-turkey-idlib/one-person-killed-in-attack-turkish-convoy-in-idlib-turkish-army-idUSKBN1FJ2S4?feedType=RSS&feedName=worldNews",
      "itunes": Object {
        "authors": Array [],
        "block": undefined,
        "duration": undefined,
        "explicit": undefined,
        "image": undefined,
        "isClosedCaptioned": undefined,
        "order": undefined,
        "subtitle": undefined,
        "summary": undefined,
      },
      "links": Array [
        Object {
          "rel": "",
          "url": "http://feeds.reuters.com/~r/Reuters/worldNews/~3/gi3rSBUNm9k/one-person-killed-in-attack-turkish-convoy-in-idlib-turkish-army-idUSKBN1FJ2S4",
        },
      ],
      "published": "Tue, 30 Jan 2018 15:08:44 -0500",
      "source": undefined,
      "title": "One person killed in attack Turkish convoy in Idlib: Turkish army",
    },
  ],
  "itunes": Object {
    "authors": Array [],
    "block": undefined,
    "categories": Array [],
    "complete": undefined,
    "explicit": undefined,
    "image": undefined,
    "newFeedUrl": undefined,
    "owner": Object {
      "email": undefined,
      "name": undefined,
    },
    "subtitle": undefined,
    "summary": undefined,
  },
  "language": "en-us",
  "lastPublished": undefined,
  "lastUpdated": "Tue, 30 Jan 2018 17:54:13 -0500",
  "links": Array [
    Object {
      "rel": "",
      "url": "http://www.reuters.com",
    },
  ],
  "title": "Reuters: World News",
  "type": "rss-v2",
}
`;
